16:44:49 **** Incremental Build of configuration Debug for project LoRaWAN_End_Node ****
make -j8 all 
arm-none-eabi-gcc "/home/nicolas/md10-board/software/ruche-connectee/mellia/STM32Cube_FW_WL_V1.1.0/Projects/NUCLEO-WL55JC/Applications/LoRaWAN/LoRaWAN_End_Node/LoRaWAN/App/app_lorawan.c" -mcpu=cortex-m4 -std=gnu11 -g3 -DDEBUG -DCORE_CM4 -DSTM32WL55xx -DUSE_HAL_DRIVER -c -I/home/nicolas/STM32CubeIDE/workspace_1.7.0/ruche-connectee/mellia/STM32Cube_FW_WL_V1.1.0/Projects/NUCLEO-WL55JC/Applications/LoRaWAN/LoRaWAN_End_Node/STM32CubeIDE/Drivers/CMSIS/Include -I/home/nicolas/STM32CubeIDE/workspace_1.7.0/ruche-connectee/mellia/STM32Cube_FW_WL_V1.1.0/Projects/NUCLEO-WL55JC/Applications/LoRaWAN/LoRaWAN_End_Node/STM32CubeIDE/Drivers/CMSIS/Core/Include -I/home/nicolas/STM32CubeIDE/workspace_1.7.0/ruche-connectee/mellia/STM32Cube_FW_WL_V1.1.0/Projects/NUCLEO-WL55JC/Applications/LoRaWAN/LoRaWAN_End_Node/STM32CubeIDE/Drivers/STM32WLxx_HAL_Driver/Inc -I/home/nicolas/STM32CubeIDE/workspace_1.7.0/ruche-connectee/mellia/STM32Cube_FW_WL_V1.1.0/Projects/NUCLEO-WL55JC/Applications/LoRaWAN/LoRaWAN_End_Node/STM32CubeIDE/Drivers/STM32WLxx_HAL_Driver/Inc/Legacy -I/home/nicolas/STM32CubeIDE/workspace_1.7.0/ruche-connectee/mellia/STM32Cube_FW_WL_V1.1.0/Projects/NUCLEO-WL55JC/Applications/LoRaWAN/LoRaWAN_End_Node/STM32CubeIDE/Drivers/CMSIS/Device/ST/STM32WLxx/Include -I/home/nicolas/STM32CubeIDE/workspace_1.7.0/ruche-connectee/mellia/STM32Cube_FW_WL_V1.1.0/Projects/NUCLEO-WL55JC/Applications/LoRaWAN/LoRaWAN_End_Node/STM32CubeIDE/Drivers/BSP/STM32WLxx_Nucleo -I/home/nicolas/STM32CubeIDE/workspace_1.7.0/ruche-connectee/mellia/STM32Cube_FW_WL_V1.1.0/Projects/NUCLEO-WL55JC/Applications/LoRaWAN/LoRaWAN_End_Node/STM32CubeIDE/Application/User/Core/Inc -I../../LoRaWAN/App -I../../LoRaWAN/Target -I../../../../../../../Utilities/trace/adv_trace -I../../../../../../../Utilities/misc -I../../../../../../../Utilities/sequencer -I../../../../../../../Utilities/timer -I../../../../../../../Utilities/lpm/tiny_lpm -I../../../../../../../Middlewares/Third_Party/LoRaWAN/LmHandler/Packages -I../../../../../../../Middlewares/Third_Party/SubGHz_Phy -I../../../../../../../Middlewares/Third_Party/SubGHz_Phy/stm32_radio_driver -I../../../../../../../Middlewares/Third_Party/LoRaWAN/Crypto -I../../../../../../../Middlewares/Third_Party/LoRaWAN/Mac/Region -I../../../../../../../Middlewares/Third_Party/LoRaWAN/Mac -I../../../../../../../Middlewares/Third_Party/LoRaWAN/LmHandler -I../../../../../../../Middlewares/Third_Party/LoRaWAN/Utilities -I/home/nicolas/STM32CubeIDE/workspace_1.7.0/ruche-connectee/mellia/STM32Cube_FW_WL_V1.1.0/Projects/NUCLEO-WL55JC/Applications/LoRaWAN/LoRaWAN_End_Node/STM32CubeIDE/Sensors/Inc -I"/home/nicolas/STM32CubeIDE/workspace_1.7.0/ruche-connectee/mellia/STM32Cube_FW_WL_V1.1.0/Projects/NUCLEO-WL55JC/Applications/LoRaWAN/LoRaWAN_End_Node/STM32CubeIDE/Drivers/BSP/components/BME680_driver/Self test" -I/home/nicolas/STM32CubeIDE/workspace_1.7.0/ruche-connectee/mellia/STM32Cube_FW_WL_V1.1.0/Projects/NUCLEO-WL55JC/Applications/LoRaWAN/LoRaWAN_End_Node/STM32CubeIDE/Drivers/BSP/components/BME680_driver -I/LoRaWAN_End_Node/Drivers/STM32WLxx_HAL_Driver/Inc -O0 -ffunction-sections -fdata-sections -Wall -fstack-usage -MMD -MP -MF"Application/User/LoRaWAN/App/app_lorawan.d" -MT"Application/User/LoRaWAN/App/app_lorawan.o" --specs=nano.specs -mfloat-abi=soft -mthumb -o "Application/User/LoRaWAN/App/app_lorawan.o"
arm-none-eabi-gcc "/home/nicolas/md10-board/software/ruche-connectee/mellia/STM32Cube_FW_WL_V1.1.0/Projects/NUCLEO-WL55JC/Applications/LoRaWAN/LoRaWAN_End_Node/LoRaWAN/App/lora_app.c" -mcpu=cortex-m4 -std=gnu11 -g3 -DDEBUG -DCORE_CM4 -DSTM32WL55xx -DUSE_HAL_DRIVER -c -I/home/nicolas/STM32CubeIDE/workspace_1.7.0/ruche-connectee/mellia/STM32Cube_FW_WL_V1.1.0/Projects/NUCLEO-WL55JC/Applications/LoRaWAN/LoRaWAN_End_Node/STM32CubeIDE/Drivers/CMSIS/Include -I/home/nicolas/STM32CubeIDE/workspace_1.7.0/ruche-connectee/mellia/STM32Cube_FW_WL_V1.1.0/Projects/NUCLEO-WL55JC/Applications/LoRaWAN/LoRaWAN_End_Node/STM32CubeIDE/Drivers/CMSIS/Core/Include -I/home/nicolas/STM32CubeIDE/workspace_1.7.0/ruche-connectee/mellia/STM32Cube_FW_WL_V1.1.0/Projects/NUCLEO-WL55JC/Applications/LoRaWAN/LoRaWAN_End_Node/STM32CubeIDE/Drivers/STM32WLxx_HAL_Driver/Inc -I/home/nicolas/STM32CubeIDE/workspace_1.7.0/ruche-connectee/mellia/STM32Cube_FW_WL_V1.1.0/Projects/NUCLEO-WL55JC/Applications/LoRaWAN/LoRaWAN_End_Node/STM32CubeIDE/Drivers/STM32WLxx_HAL_Driver/Inc/Legacy -I/home/nicolas/STM32CubeIDE/workspace_1.7.0/ruche-connectee/mellia/STM32Cube_FW_WL_V1.1.0/Projects/NUCLEO-WL55JC/Applications/LoRaWAN/LoRaWAN_End_Node/STM32CubeIDE/Drivers/CMSIS/Device/ST/STM32WLxx/Include -I/home/nicolas/STM32CubeIDE/workspace_1.7.0/ruche-connectee/mellia/STM32Cube_FW_WL_V1.1.0/Projects/NUCLEO-WL55JC/Applications/LoRaWAN/LoRaWAN_End_Node/STM32CubeIDE/Drivers/BSP/STM32WLxx_Nucleo -I/home/nicolas/STM32CubeIDE/workspace_1.7.0/ruche-connectee/mellia/STM32Cube_FW_WL_V1.1.0/Projects/NUCLEO-WL55JC/Applications/LoRaWAN/LoRaWAN_End_Node/STM32CubeIDE/Application/User/Core/Inc -I../../LoRaWAN/App -I../../LoRaWAN/Target -I../../../../../../../Utilities/trace/adv_trace -I../../../../../../../Utilities/misc -I../../../../../../../Utilities/sequencer -I../../../../../../../Utilities/timer -I../../../../../../../Utilities/lpm/tiny_lpm -I../../../../../../../Middlewares/Third_Party/LoRaWAN/LmHandler/Packages -I../../../../../../../Middlewares/Third_Party/SubGHz_Phy -I../../../../../../../Middlewares/Third_Party/SubGHz_Phy/stm32_radio_driver -I../../../../../../../Middlewares/Third_Party/LoRaWAN/Crypto -I../../../../../../../Middlewares/Third_Party/LoRaWAN/Mac/Region -I../../../../../../../Middlewares/Third_Party/LoRaWAN/Mac -I../../../../../../../Middlewares/Third_Party/LoRaWAN/LmHandler -I../../../../../../../Middlewares/Third_Party/LoRaWAN/Utilities -I/home/nicolas/STM32CubeIDE/workspace_1.7.0/ruche-connectee/mellia/STM32Cube_FW_WL_V1.1.0/Projects/NUCLEO-WL55JC/Applications/LoRaWAN/LoRaWAN_End_Node/STM32CubeIDE/Sensors/Inc -I"/home/nicolas/STM32CubeIDE/workspace_1.7.0/ruche-connectee/mellia/STM32Cube_FW_WL_V1.1.0/Projects/NUCLEO-WL55JC/Applications/LoRaWAN/LoRaWAN_End_Node/STM32CubeIDE/Drivers/BSP/components/BME680_driver/Self test" -I/home/nicolas/STM32CubeIDE/workspace_1.7.0/ruche-connectee/mellia/STM32Cube_FW_WL_V1.1.0/Projects/NUCLEO-WL55JC/Applications/LoRaWAN/LoRaWAN_End_Node/STM32CubeIDE/Drivers/BSP/components/BME680_driver -I/LoRaWAN_End_Node/Drivers/STM32WLxx_HAL_Driver/Inc -O0 -ffunction-sections -fdata-sections -Wall -fstack-usage -MMD -MP -MF"Application/User/LoRaWAN/App/lora_app.d" -MT"Application/User/LoRaWAN/App/lora_app.o" --specs=nano.specs -mfloat-abi=soft -mthumb -o "Application/User/LoRaWAN/App/lora_app.o"
/home/nicolas/md10-board/software/ruche-connectee/mellia/STM32Cube_FW_WL_V1.1.0/Projects/NUCLEO-WL55JC/Applications/LoRaWAN/LoRaWAN_End_Node/LoRaWAN/App/lora_app.c: In function 'SendTxData':
/home/nicolas/md10-board/software/ruche-connectee/mellia/STM32Cube_FW_WL_V1.1.0/Projects/NUCLEO-WL55JC/Applications/LoRaWAN/LoRaWAN_End_Node/LoRaWAN/App/lora_app.c:402:12: warning: unused variable 'weight' [-Wunused-variable]
  402 |   uint16_t weight=0;
      |            ^~~~~~
/home/nicolas/md10-board/software/ruche-connectee/mellia/STM32Cube_FW_WL_V1.1.0/Projects/NUCLEO-WL55JC/Applications/LoRaWAN/LoRaWAN_End_Node/LoRaWAN/App/lora_app.c:398:11: warning: variable 'temperature' set but not used [-Wunused-but-set-variable]
  398 |   int16_t temperature = 0;
      |           ^~~~~~~~~~~
/home/nicolas/md10-board/software/ruche-connectee/mellia/STM32Cube_FW_WL_V1.1.0/Projects/NUCLEO-WL55JC/Applications/LoRaWAN/LoRaWAN_End_Node/LoRaWAN/App/lora_app.c:397:12: warning: variable 'pressure' set but not used [-Wunused-but-set-variable]
  397 |   uint16_t pressure = 0;
      |            ^~~~~~~~
/home/nicolas/md10-board/software/ruche-connectee/mellia/STM32Cube_FW_WL_V1.1.0/Projects/NUCLEO-WL55JC/Applications/LoRaWAN/LoRaWAN_End_Node/LoRaWAN/App/lora_app.c:416:39: warning: 'sensor_data.temperature' is used uninitialized in this function [-Wuninitialized]
  416 |   temperature = (uint16_t)(sensor_data.temperature);
      |                           ~~~~~~~~~~~~^~~~~~~~~~~~~
/home/nicolas/md10-board/software/ruche-connectee/mellia/STM32Cube_FW_WL_V1.1.0/Projects/NUCLEO-WL55JC/Applications/LoRaWAN/LoRaWAN_End_Node/LoRaWAN/App/lora_app.c:417:39: warning: 'sensor_data.pressure' is used uninitialized in this function [-Wuninitialized]
  417 |   pressure    = (uint16_t)(sensor_data.pressure / 100);      /* in hPa / 10 */
      |                            ~~~~~~~~~~~^~~~~~~~~
/home/nicolas/md10-board/software/ruche-connectee/mellia/STM32Cube_FW_WL_V1.1.0/Projects/NUCLEO-WL55JC/Applications/LoRaWAN/LoRaWAN_End_Node/LoRaWAN/App/lora_app.c:427:68: warning: 'sensor_data.pressure' is used uninitialized in this function [-Wuninitialized]
  427 |   CayenneLppAddBarometricPressure(channel++, (uint16_t)(sensor_data.pressure/100));
      |                                                         ~~~~~~~~~~~^~~~~~~~~
/home/nicolas/md10-board/software/ruche-connectee/mellia/STM32Cube_FW_WL_V1.1.0/Projects/NUCLEO-WL55JC/Applications/LoRaWAN/LoRaWAN_End_Node/LoRaWAN/App/lora_app.c:428:61: warning: 'sensor_data.temperature' is used uninitialized in this function [-Wuninitialized]
  428 |   CayenneLppAddTemperature(channel++, (uint16_t)(sensor_data.temperature));
      |                                                 ~~~~~~~~~~~~^~~~~~~~~~~~~
/home/nicolas/md10-board/software/ruche-connectee/mellia/STM32Cube_FW_WL_V1.1.0/Projects/NUCLEO-WL55JC/Applications/LoRaWAN/LoRaWAN_End_Node/LoRaWAN/App/lora_app.c:429:66: warning: 'sensor_data.humidity' is used uninitialized in this function [-Wuninitialized]
  429 |   CayenneLppAddRelativeHumidity(channel++, (uint16_t)(sensor_data.humidity));
      |                                                      ~~~~~~~~~~~~^~~~~~~~~~
arm-none-eabi-gcc -o "LoRaWAN_End_Node.elf" @"objects.list"   -mcpu=cortex-m4 -T"/home/nicolas/md10-board/software/ruche-connectee/mellia/STM32Cube_FW_WL_V1.1.0/Projects/NUCLEO-WL55JC/Applications/LoRaWAN/LoRaWAN_End_Node/STM32CubeIDE/STM32WL55JCIX_FLASH.ld" --specs=nosys.specs -Wl,-Map="LoRaWAN_End_Node.map" -Wl,--gc-sections -static --specs=nano.specs -mfloat-abi=soft -mthumb -u _printf_float -Wl,--start-group -lc -lm -Wl,--end-group
Finished building target: LoRaWAN_End_Node.elf
 
arm-none-eabi-size   LoRaWAN_End_Node.elf 
arm-none-eabi-objdump -h -S  LoRaWAN_End_Node.elf  > "LoRaWAN_End_Node.list"
   text	   data	    bss	    dec	    hex	filename
 129492	    744	   8328	 138564	  21d44	LoRaWAN_End_Node.elf
Finished building: default.size.stdout
 
Finished building: LoRaWAN_End_Node.list
 
16:45:24 **** Incremental Build of configuration Debug for project LoRaWAN_End_Node ****
make -j8 all 
arm-none-eabi-size   LoRaWAN_End_Node.elf 
   text	   data	    bss	    dec	    hex	filename
 129492	    744	   8328	 138564	  21d44	LoRaWAN_End_Node.elf
Finished building: default.size.stdout
 
